
> bizrunner-backend@1.0.0 build-local
> tsc

